C:/Doc_local/STMCUBE/x-cube-n6-ai-people-detection-tracking-main/Src/main.c:328:13:main_thread_fct	6
C:/Doc_local/STMCUBE/x-cube-n6-ai-people-detection-tracking-main/Src/main.c:63:5:main	4
C:/Doc_local/STMCUBE/x-cube-n6-ai-people-detection-tracking-main/Src/main.c:145:6:IAC_IRQHandler	1
C:/Doc_local/STMCUBE/x-cube-n6-ai-people-detection-tracking-main/Src/main.c:401:19:MX_DCMIPP_ClockConfig	2
C:/Doc_local/STMCUBE/x-cube-n6-ai-people-detection-tracking-main/Src/main.c:424:6:npu_cache_enable_clocks_and_reset	1
C:/Doc_local/STMCUBE/x-cube-n6-ai-people-detection-tracking-main/Src/main.c:432:6:npu_cache_disable_clocks_and_reset	1
C:/Doc_local/STMCUBE/x-cube-n6-ai-people-detection-tracking-main/Src/main.c:448:6:assert_failed	1
C:/Doc_local/STMCUBE/x-cube-n6-ai-people-detection-tracking-main/Src/main.c:460:45:app_clean_invalidate_dbg	3
